2026-10-05 10:09:41,738 [INFO] Iniciando varredura recursiva em: C:\Users\heuder.sena\Downloads
2026-10-05 10:09:41,739 [INFO] Já possui hash, ignorado: C:\Users\heuder.sena\Downloads\31_07_2026_8d7f9835\boleto0837039_14030010000267180_8f6289b9.pdf
2026-10-05 10:09:41,739 [INFO] Já possui hash, ignorado: C:\Users\heuder.sena\Downloads\31_07_2026_8d7f9835\boleto_29_09_2026_fdfeb29a.pdf
2026-10-05 10:09:41,740 [INFO] Já possui hash, ignorado: C:\Users\heuder.sena\Downloads\31_07_2026_8d7f9835\cdigo_nome_significado_c268e3f7.csv
2026-10-05 10:09:41,740 [INFO] Já possui hash, ignorado: C:\Users\heuder.sena\Downloads\31_07_2026_8d7f9835\comprovante_premio_0_02de449a.pdf
2026-10-05 10:09:41,740 [INFO] Já possui hash, ignorado: C:\Users\heuder.sena\Downloads\31_07_2026_8d7f9835\comprovante_premio_0_1c44f420.pdf
2026-10-05 10:09:41,740 [INFO] Já possui hash, ignorado: C:\Users\heuder.sena\Downloads\31_07_2026_8d7f9835\comprovante_premio_0_1_82eb7dae.pdf
2026-10-05 10:09:41,740 [INFO] Já possui hash, ignorado: C:\Users\heuder.sena\Downloads\31_07_2026_8d7f9835\comprovante_premio_0_1_adbb52a6.pdf
2026-10-05 10:09:41,741 [INFO] Já possui hash, ignorado: C:\Users\heuder.sena\Downloads\31_07_2026_8d7f9835\comprovante_premio_0_2_bbcf6ac9.pdf
2026-10-05 10:09:41,741 [INFO] Já possui hash, ignorado: C:\Users\heuder.sena\Downloads\31_07_2026_8d7f9835\comprovante_premio_0_3_07c39f22.pdf
2026-10-05 10:09:41,741 [INFO] Já possui hash, ignorado: C:\Users\heuder.sena\Downloads\31_07_2026_8d7f9835\comprovante_premio_0_4f1e3e7b.pdf
2026-10-05 10:09:41,741 [INFO] Já possui hash, ignorado: C:\Users\heuder.sena\Downloads\31_07_2026_8d7f9835\comprovante_premio_0_4_1a75e384.pdf
2026-10-05 10:09:41,741 [INFO] Já possui hash, ignorado: C:\Users\heuder.sena\Downloads\31_07_2026_8d7f9835\comprovante_premio_0_5_25019ce6.pdf
2026-10-05 10:09:41,741 [INFO] Já possui hash, ignorado: C:\Users\heuder.sena\Downloads\31_07_2026_8d7f9835\comprovante_premio_0_6_4cd66deb.pdf
2026-10-05 10:09:41,742 [INFO] Já possui hash, ignorado: C:\Users\heuder.sena\Downloads\31_07_2026_8d7f9835\comprovante_premio_0_7_31d84016.pdf
2026-10-05 10:09:41,742 [INFO] Já possui hash, ignorado: C:\Users\heuder.sena\Downloads\31_07_2026_8d7f9835\detalhe_boleto_f43fc13f.pdf
2026-10-05 10:09:41,742 [INFO] Já possui hash, ignorado: C:\Users\heuder.sena\Downloads\31_07_2026_8d7f9835\devolutiva_gptw_2026_solucoes_de_canais_757f0917.pptx
2026-10-05 10:09:41,742 [INFO] Já possui hash, ignorado: C:\Users\heuder.sena\Downloads\31_07_2026_8d7f9835\painel_limite_0af6317e.xlsx
2026-10-05 10:09:41,742 [INFO] Já possui hash, ignorado: C:\Users\heuder.sena\Downloads\31_07_2026_8d7f9835\pdf_6ab546add271b_9aba4c63.pdf
2026-10-05 10:09:41,742 [INFO] Já possui hash, ignorado: C:\Users\heuder.sena\Downloads\31_07_2026_8d7f9835\premio_produtor_rural_indicados_19167e34.csv
2026-10-05 10:09:41,742 [INFO] Já possui hash, ignorado: C:\Users\heuder.sena\Downloads\31_07_2026_8d7f9835\premio_produtor_rural_indicados_b0632419.csv
2026-10-05 10:09:41,742 [INFO] Já possui hash, ignorado: C:\Users\heuder.sena\Downloads\31_07_2026_8d7f9835\premio_produtor_rural_indicados_ccs_300_300_0csv_32106a16
2026-10-05 10:09:41,742 [INFO] Já possui hash, ignorado: C:\Users\heuder.sena\Downloads\31_07_2026_8d7f9835\premio_produtor_rural_indicados_ccs_300_300_0_1_2c6b9c00.csv
2026-10-05 10:09:41,742 [INFO] Já possui hash, ignorado: C:\Users\heuder.sena\Downloads\31_07_2026_8d7f9835\premio_produtor_rural_indicados_ccs_300_300_0_3b8dca5d_caae_4794_8ec9_3c3a9e8c025f_378c2faa.csv
2026-10-05 10:09:41,743 [INFO] Já possui hash, ignorado: C:\Users\heuder.sena\Downloads\31_07_2026_8d7f9835\premio_produtor_rural_indicados_ccs_300_300_0_csv_39f40153
2026-10-05 10:09:41,743 [INFO] Já possui hash, ignorado: C:\Users\heuder.sena\Downloads\31_07_2026_8d7f9835\premio_produtor_rural_indicados_ccs_300_300_0_efe27f5c.csv
2026-10-05 10:09:41,743 [INFO] Já possui hash, ignorado: C:\Users\heuder.sena\Downloads\31_07_2026_8d7f9835\referencias_20260928_131904_b1526b68434f47e4_75b830ef.md
2026-10-05 10:09:41,743 [INFO] Já possui hash, ignorado: C:\Users\heuder.sena\Downloads\31_07_2026_8d7f9835\sexto_premio_rural_4710cd87_0725_420f_9adf_5b8e0223b2b2_adbae90b.pdf
2026-10-05 10:09:41,743 [INFO] Já possui hash, ignorado: C:\Users\heuder.sena\Downloads\31_07_2026_8d7f9835\v3_saopedro_35a7a174.mp4
2026-10-05 10:09:41,743 [INFO] Já possui hash, ignorado: C:\Users\heuder.sena\Downloads\31_07_2026_8d7f9835\view_20260929_230358_22d9a5fc0753a134_d4935eba.pdf
2026-10-05 10:09:41,745 [INFO] Renomeado arquivo: 'C:\Users\heuder.sena\Downloads\Avalliadores_Central.xlsx' -> 'C:\Users\heuder.sena\Downloads\avalliadores_central_c44be7cb.xlsx'
2026-10-05 10:09:41,745 [INFO] Já possui hash, ignorado: C:\Users\heuder.sena\Downloads\beneficios_1_485da62a.jpg
2026-10-05 10:09:41,746 [INFO] Já possui hash, ignorado: C:\Users\heuder.sena\Downloads\cartao1_1_c34c41c7.png
2026-10-05 10:09:41,746 [INFO] Já possui hash, ignorado: C:\Users\heuder.sena\Downloads\cartao2_1_bdc01094.png
2026-10-05 10:09:41,746 [INFO] Já possui hash, ignorado: C:\Users\heuder.sena\Downloads\cartilha_coopcerto_visa_2026_2_241a700e.pdf
2026-10-05 10:09:41,746 [INFO] Já possui hash, ignorado: C:\Users\heuder.sena\Downloads\cartilha_coopcerto_visa_2026_2_241a700e_1_b7321d7f.pdf
2026-10-05 10:09:41,747 [INFO] Renomeado arquivo: 'C:\Users\heuder.sena\Downloads\comprovante-premio-0.pdf' -> 'C:\Users\heuder.sena\Downloads\comprovante_premio_0_3ba77ec2.pdf'
2026-10-05 10:09:41,747 [INFO] Já possui hash, ignorado: C:\Users\heuder.sena\Downloads\comprovante_premio_0_6a534a2d.pdf
2026-10-05 10:09:41,747 [INFO] Já possui hash, ignorado: C:\Users\heuder.sena\Downloads\comprovante_premio_0_6df26b6f.pdf
2026-10-05 10:09:41,747 [INFO] Já possui hash, ignorado: C:\Users\heuder.sena\Downloads\comprovante_premio_0_71cd2fbd.pdf
2026-10-05 10:09:41,747 [INFO] Já possui hash, ignorado: C:\Users\heuder.sena\Downloads\coopcerto_cartilha_pat_2026_1_3_12e0a690.pdf
2026-10-05 10:09:41,749 [INFO] Já possui hash, ignorado: C:\Users\heuder.sena\Downloads\coopcerto_cartilha_pat_2026_1_3_12e0a690_1_a5d3323f.pdf
2026-10-05 10:09:41,749 [INFO] Já possui hash, ignorado: C:\Users\heuder.sena\Downloads\coopcerto_virada_de_bandeira_faq_1_725fc4cf.pdf
2026-10-05 10:09:41,749 [INFO] Já possui hash, ignorado: C:\Users\heuder.sena\Downloads\delta_windows_x86_64_setup_92e57d15.exe
2026-10-05 10:09:41,749 [INFO] Já possui hash, ignorado: C:\Users\heuder.sena\Downloads\desktop_eebc434c.ini
2026-10-05 10:09:41,750 [INFO] Renomeado arquivo: 'C:\Users\heuder.sena\Downloads\ELOIR LOUVEIRA (2).mp4' -> 'C:\Users\heuder.sena\Downloads\eloir_louveira_2_1114a5d7.mp4'
2026-10-05 10:09:41,750 [INFO] Já possui hash, ignorado: C:\Users\heuder.sena\Downloads\eloir_louveira_1_256cf8d6.mp4
2026-10-05 10:09:41,750 [INFO] Já possui hash, ignorado: C:\Users\heuder.sena\Downloads\guia_da_cooperativa_credenciamento_sipag_no_sisbr_3_0_09_2026_4255922d.pdf
2026-10-05 10:09:41,750 [INFO] Já possui hash, ignorado: C:\Users\heuder.sena\Downloads\layane_regras_de_negocio_1_6be78b76.docx
2026-10-05 10:09:41,751 [INFO] Já possui hash, ignorado: C:\Users\heuder.sena\Downloads\regras_de_negocio_6o_pprs_1_a2845ea3.docx
2026-10-05 10:09:41,752 [INFO] Renomeado arquivo: 'C:\Users\heuder.sena\Downloads\sexto premio produtor rural - adm 2026 (1).xlsx' -> 'C:\Users\heuder.sena\Downloads\sexto_premio_produtor_rural_adm_2026_1_e4522478.xlsx'
2026-10-05 10:09:41,753 [INFO] Renomeado arquivo: 'C:\Users\heuder.sena\Downloads\sexto premio produtor rural - adm 2026.xlsx' -> 'C:\Users\heuder.sena\Downloads\sexto_premio_produtor_rural_adm_2026_8a413ead.xlsx'
2026-10-05 10:09:41,753 [INFO] Já possui hash, ignorado: C:\Users\heuder.sena\Downloads\sexto_premio_produtor_rural_adm_2026_b53bc5c0.xlsx
2026-10-05 10:09:41,753 [INFO] Já possui hash, ignorado: C:\Users\heuder.sena\Downloads\vt_campo_mouraao_aj1_3_90273fb5.mp4
2026-10-05 10:09:41,753 [INFO] Já possui hash, ignorado: C:\Users\heuder.sena\Downloads\31_07_2026_8d7f9835
2026-10-05 10:09:41,754 [INFO] Concluído. Arquivos processados: 53 | Pastas processadas: 1
2026-10-05 10:09:41,754 [INFO] Tempo total de execução: 0.02s
2026-10-05 16:22:40,305 [INFO] Iniciando varredura recursiva em: C:\Users\heuder.sena\Downloads
2026-10-05 16:22:40,306 [INFO] Já possui hash, ignorado: C:\Users\heuder.sena\Downloads\31_07_2026_8d7f9835\avalliadores_central_c44be7cb.xlsx
2026-10-05 16:22:40,307 [INFO] Já possui hash, ignorado: C:\Users\heuder.sena\Downloads\31_07_2026_8d7f9835\beneficios_1_485da62a.jpg
2026-10-05 16:22:40,307 [INFO] Já possui hash, ignorado: C:\Users\heuder.sena\Downloads\31_07_2026_8d7f9835\boleto0837039_14030010000267180_8f6289b9.pdf
2026-10-05 16:22:40,307 [INFO] Já possui hash, ignorado: C:\Users\heuder.sena\Downloads\31_07_2026_8d7f9835\boleto_29_09_2026_fdfeb29a.pdf
2026-10-05 16:22:40,307 [INFO] Já possui hash, ignorado: C:\Users\heuder.sena\Downloads\31_07_2026_8d7f9835\cartao1_1_c34c41c7.png
2026-10-05 16:22:40,307 [INFO] Já possui hash, ignorado: C:\Users\heuder.sena\Downloads\31_07_2026_8d7f9835\cartao2_1_bdc01094.png
2026-10-05 16:22:40,308 [INFO] Já possui hash, ignorado: C:\Users\heuder.sena\Downloads\31_07_2026_8d7f9835\cartilha_coopcerto_visa_2026_2_241a700e.pdf
2026-10-05 16:22:40,308 [INFO] Já possui hash, ignorado: C:\Users\heuder.sena\Downloads\31_07_2026_8d7f9835\cartilha_coopcerto_visa_2026_2_241a700e_1_b7321d7f.pdf
2026-10-05 16:22:40,308 [INFO] Já possui hash, ignorado: C:\Users\heuder.sena\Downloads\31_07_2026_8d7f9835\cdigo_nome_significado_c268e3f7.csv
2026-10-05 16:22:40,308 [INFO] Já possui hash, ignorado: C:\Users\heuder.sena\Downloads\31_07_2026_8d7f9835\comprovante_premio_0_02de449a.pdf
2026-10-05 16:22:40,309 [INFO] Já possui hash, ignorado: C:\Users\heuder.sena\Downloads\31_07_2026_8d7f9835\comprovante_premio_0_1c44f420.pdf
2026-10-05 16:22:40,309 [INFO] Já possui hash, ignorado: C:\Users\heuder.sena\Downloads\31_07_2026_8d7f9835\comprovante_premio_0_1_82eb7dae.pdf
2026-10-05 16:22:40,309 [INFO] Já possui hash, ignorado: C:\Users\heuder.sena\Downloads\31_07_2026_8d7f9835\comprovante_premio_0_1_adbb52a6.pdf
2026-10-05 16:22:40,309 [INFO] Já possui hash, ignorado: C:\Users\heuder.sena\Downloads\31_07_2026_8d7f9835\comprovante_premio_0_2_bbcf6ac9.pdf
2026-10-05 16:22:40,309 [INFO] Já possui hash, ignorado: C:\Users\heuder.sena\Downloads\31_07_2026_8d7f9835\comprovante_premio_0_3ba77ec2.pdf
2026-10-05 16:22:40,310 [INFO] Já possui hash, ignorado: C:\Users\heuder.sena\Downloads\31_07_2026_8d7f9835\comprovante_premio_0_3_07c39f22.pdf
2026-10-05 16:22:40,310 [INFO] Já possui hash, ignorado: C:\Users\heuder.sena\Downloads\31_07_2026_8d7f9835\comprovante_premio_0_4f1e3e7b.pdf
2026-10-05 16:22:40,310 [INFO] Já possui hash, ignorado: C:\Users\heuder.sena\Downloads\31_07_2026_8d7f9835\comprovante_premio_0_4_1a75e384.pdf
2026-10-05 16:22:40,310 [INFO] Já possui hash, ignorado: C:\Users\heuder.sena\Downloads\31_07_2026_8d7f9835\comprovante_premio_0_5_25019ce6.pdf
2026-10-05 16:22:40,310 [INFO] Já possui hash, ignorado: C:\Users\heuder.sena\Downloads\31_07_2026_8d7f9835\comprovante_premio_0_6a534a2d.pdf
2026-10-05 16:22:40,310 [INFO] Já possui hash, ignorado: C:\Users\heuder.sena\Downloads\31_07_2026_8d7f9835\comprovante_premio_0_6df26b6f.pdf
2026-10-05 16:22:40,311 [INFO] Já possui hash, ignorado: C:\Users\heuder.sena\Downloads\31_07_2026_8d7f9835\comprovante_premio_0_6_4cd66deb.pdf
2026-10-05 16:22:40,311 [INFO] Já possui hash, ignorado: C:\Users\heuder.sena\Downloads\31_07_2026_8d7f9835\comprovante_premio_0_71cd2fbd.pdf
2026-10-05 16:22:40,311 [INFO] Já possui hash, ignorado: C:\Users\heuder.sena\Downloads\31_07_2026_8d7f9835\comprovante_premio_0_7_31d84016.pdf
2026-10-05 16:22:40,311 [INFO] Já possui hash, ignorado: C:\Users\heuder.sena\Downloads\31_07_2026_8d7f9835\coopcerto_cartilha_pat_2026_1_3_12e0a690.pdf
2026-10-05 16:22:40,311 [INFO] Já possui hash, ignorado: C:\Users\heuder.sena\Downloads\31_07_2026_8d7f9835\coopcerto_cartilha_pat_2026_1_3_12e0a690_1_a5d3323f.pdf
2026-10-05 16:22:40,311 [INFO] Já possui hash, ignorado: C:\Users\heuder.sena\Downloads\31_07_2026_8d7f9835\coopcerto_virada_de_bandeira_faq_1_725fc4cf.pdf
2026-10-05 16:22:40,312 [INFO] Já possui hash, ignorado: C:\Users\heuder.sena\Downloads\31_07_2026_8d7f9835\delta_windows_x86_64_setup_92e57d15.exe
2026-10-05 16:22:40,312 [INFO] Já possui hash, ignorado: C:\Users\heuder.sena\Downloads\31_07_2026_8d7f9835\detalhe_boleto_f43fc13f.pdf
2026-10-05 16:22:40,312 [INFO] Já possui hash, ignorado: C:\Users\heuder.sena\Downloads\31_07_2026_8d7f9835\devolutiva_gptw_2026_solucoes_de_canais_757f0917.pptx
2026-10-05 16:22:40,312 [INFO] Já possui hash, ignorado: C:\Users\heuder.sena\Downloads\31_07_2026_8d7f9835\eloir_louveira_1_256cf8d6.mp4
2026-10-05 16:22:40,312 [INFO] Já possui hash, ignorado: C:\Users\heuder.sena\Downloads\31_07_2026_8d7f9835\guia_da_cooperativa_credenciamento_sipag_no_sisbr_3_0_09_2026_4255922d.pdf
2026-10-05 16:22:40,312 [INFO] Já possui hash, ignorado: C:\Users\heuder.sena\Downloads\31_07_2026_8d7f9835\painel_limite_0af6317e.xlsx
2026-10-05 16:22:40,313 [INFO] Já possui hash, ignorado: C:\Users\heuder.sena\Downloads\31_07_2026_8d7f9835\pdf_6ab546add271b_9aba4c63.pdf
2026-10-05 16:22:40,313 [INFO] Já possui hash, ignorado: C:\Users\heuder.sena\Downloads\31_07_2026_8d7f9835\premio_produtor_rural_indicados_19167e34.csv
2026-10-05 16:22:40,313 [INFO] Já possui hash, ignorado: C:\Users\heuder.sena\Downloads\31_07_2026_8d7f9835\premio_produtor_rural_indicados_b0632419.csv
2026-10-05 16:22:40,313 [INFO] Já possui hash, ignorado: C:\Users\heuder.sena\Downloads\31_07_2026_8d7f9835\premio_produtor_rural_indicados_ccs_300_300_0csv_32106a16
2026-10-05 16:22:40,313 [INFO] Já possui hash, ignorado: C:\Users\heuder.sena\Downloads\31_07_2026_8d7f9835\premio_produtor_rural_indicados_ccs_300_300_0_1_2c6b9c00.csv
2026-10-05 16:22:40,313 [INFO] Já possui hash, ignorado: C:\Users\heuder.sena\Downloads\31_07_2026_8d7f9835\premio_produtor_rural_indicados_ccs_300_300_0_3b8dca5d_caae_4794_8ec9_3c3a9e8c025f_378c2faa.csv
2026-10-05 16:22:40,313 [INFO] Já possui hash, ignorado: C:\Users\heuder.sena\Downloads\31_07_2026_8d7f9835\premio_produtor_rural_indicados_ccs_300_300_0_csv_39f40153
2026-10-05 16:22:40,314 [INFO] Já possui hash, ignorado: C:\Users\heuder.sena\Downloads\31_07_2026_8d7f9835\premio_produtor_rural_indicados_ccs_300_300_0_efe27f5c.csv
2026-10-05 16:22:40,314 [INFO] Já possui hash, ignorado: C:\Users\heuder.sena\Downloads\31_07_2026_8d7f9835\referencias_20260928_131904_b1526b68434f47e4_75b830ef.md
2026-10-05 16:22:40,314 [INFO] Já possui hash, ignorado: C:\Users\heuder.sena\Downloads\31_07_2026_8d7f9835\sexto_premio_produtor_rural_adm_2026_1_e4522478.xlsx
2026-10-05 16:22:40,314 [INFO] Já possui hash, ignorado: C:\Users\heuder.sena\Downloads\31_07_2026_8d7f9835\sexto_premio_produtor_rural_adm_2026_8a413ead.xlsx
2026-10-05 16:22:40,314 [INFO] Já possui hash, ignorado: C:\Users\heuder.sena\Downloads\31_07_2026_8d7f9835\sexto_premio_produtor_rural_adm_2026_b53bc5c0.xlsx
2026-10-05 16:22:40,314 [INFO] Já possui hash, ignorado: C:\Users\heuder.sena\Downloads\31_07_2026_8d7f9835\sexto_premio_rural_4710cd87_0725_420f_9adf_5b8e0223b2b2_adbae90b.pdf
2026-10-05 16:22:40,314 [INFO] Já possui hash, ignorado: C:\Users\heuder.sena\Downloads\31_07_2026_8d7f9835\v3_saopedro_35a7a174.mp4
2026-10-05 16:22:40,315 [INFO] Já possui hash, ignorado: C:\Users\heuder.sena\Downloads\31_07_2026_8d7f9835\view_20260929_230358_22d9a5fc0753a134_d4935eba.pdf
2026-10-05 16:22:40,315 [INFO] Já possui hash, ignorado: C:\Users\heuder.sena\Downloads\31_07_2026_8d7f9835\vt_campo_mouraao_aj1_3_90273fb5.mp4
2026-10-05 16:22:40,316 [INFO] Renomeado arquivo: 'C:\Users\heuder.sena\Downloads\CAR - ATUAL 3.pdf' -> 'C:\Users\heuder.sena\Downloads\car_atual_3_c4f1dca5.pdf'
2026-10-05 16:22:40,319 [INFO] Renomeado arquivo: 'C:\Users\heuder.sena\Downloads\DECLARAÇÃO DE POSSE 3.pdf' -> 'C:\Users\heuder.sena\Downloads\declaracao_de_posse_3_bc3e244e.pdf'
2026-10-05 16:22:40,319 [INFO] Já possui hash, ignorado: C:\Users\heuder.sena\Downloads\desktop_eebc434c.ini
2026-10-05 16:22:40,319 [INFO] Já possui hash, ignorado: C:\Users\heuder.sena\Downloads\layane_regras_de_negocio_1_6be78b76.docx
2026-10-05 16:22:40,319 [INFO] Já possui hash, ignorado: C:\Users\heuder.sena\Downloads\regras_de_negocio_6o_pprs_1_a2845ea3.docx
2026-10-05 16:22:40,321 [INFO] Renomeado arquivo: 'C:\Users\heuder.sena\Downloads\SEI_ICMBio - 20032283 - Informação Técnica 3.pdf' -> 'C:\Users\heuder.sena\Downloads\sei_icmbio_20032283_informacao_tecnica_3_37d53589.pdf'
2026-10-05 16:22:40,321 [INFO] Já possui hash, ignorado: C:\Users\heuder.sena\Downloads\31_07_2026_8d7f9835
2026-10-05 16:22:40,321 [INFO] Concluído. Arquivos processados: 55 | Pastas processadas: 1
2026-10-05 16:22:40,321 [INFO] Tempo total de execução: 0.02s
2026-10-07 10:09:12,486 [INFO] Iniciando varredura recursiva em: C:\Users\heuder.sena\Downloads
2026-10-07 10:09:12,499 [INFO] Já possui hash, ignorado: C:\Users\heuder.sena\Downloads\31_07_2026_8d7f9835\avalliadores_central_c44be7cb.xlsx
2026-10-07 10:09:12,506 [INFO] Já possui hash, ignorado: C:\Users\heuder.sena\Downloads\31_07_2026_8d7f9835\beneficios_1_485da62a.jpg
2026-10-07 10:09:12,509 [INFO] Já possui hash, ignorado: C:\Users\heuder.sena\Downloads\31_07_2026_8d7f9835\boleto0837039_14030010000267180_8f6289b9.pdf
2026-10-07 10:09:12,511 [INFO] Já possui hash, ignorado: C:\Users\heuder.sena\Downloads\31_07_2026_8d7f9835\boleto_29_09_2026_fdfeb29a.pdf
2026-10-07 10:09:12,512 [INFO] Já possui hash, ignorado: C:\Users\heuder.sena\Downloads\31_07_2026_8d7f9835\cartao1_1_c34c41c7.png
2026-10-07 10:09:12,513 [INFO] Já possui hash, ignorado: C:\Users\heuder.sena\Downloads\31_07_2026_8d7f9835\cartao2_1_bdc01094.png
2026-10-07 10:09:12,513 [INFO] Já possui hash, ignorado: C:\Users\heuder.sena\Downloads\31_07_2026_8d7f9835\cartilha_coopcerto_visa_2026_2_241a700e.pdf
2026-10-07 10:09:12,514 [INFO] Já possui hash, ignorado: C:\Users\heuder.sena\Downloads\31_07_2026_8d7f9835\cartilha_coopcerto_visa_2026_2_241a700e_1_b7321d7f.pdf
2026-10-07 10:09:12,514 [INFO] Já possui hash, ignorado: C:\Users\heuder.sena\Downloads\31_07_2026_8d7f9835\car_atual_3_c4f1dca5.pdf
2026-10-07 10:09:12,519 [INFO] Já possui hash, ignorado: C:\Users\heuder.sena\Downloads\31_07_2026_8d7f9835\cdigo_nome_significado_c268e3f7.csv
2026-10-07 10:09:12,521 [INFO] Já possui hash, ignorado: C:\Users\heuder.sena\Downloads\31_07_2026_8d7f9835\comprovante_premio_0_02de449a.pdf
2026-10-07 10:09:12,521 [INFO] Já possui hash, ignorado: C:\Users\heuder.sena\Downloads\31_07_2026_8d7f9835\comprovante_premio_0_1c44f420.pdf
2026-10-07 10:09:12,524 [INFO] Já possui hash, ignorado: C:\Users\heuder.sena\Downloads\31_07_2026_8d7f9835\comprovante_premio_0_1_82eb7dae.pdf
2026-10-07 10:09:12,524 [INFO] Já possui hash, ignorado: C:\Users\heuder.sena\Downloads\31_07_2026_8d7f9835\comprovante_premio_0_1_adbb52a6.pdf
2026-10-07 10:09:12,525 [INFO] Já possui hash, ignorado: C:\Users\heuder.sena\Downloads\31_07_2026_8d7f9835\comprovante_premio_0_2_bbcf6ac9.pdf
2026-10-07 10:09:12,526 [INFO] Já possui hash, ignorado: C:\Users\heuder.sena\Downloads\31_07_2026_8d7f9835\comprovante_premio_0_3ba77ec2.pdf
2026-10-07 10:09:12,527 [INFO] Já possui hash, ignorado: C:\Users\heuder.sena\Downloads\31_07_2026_8d7f9835\comprovante_premio_0_3_07c39f22.pdf
2026-10-07 10:09:12,527 [INFO] Já possui hash, ignorado: C:\Users\heuder.sena\Downloads\31_07_2026_8d7f9835\comprovante_premio_0_4f1e3e7b.pdf
2026-10-07 10:09:12,527 [INFO] Já possui hash, ignorado: C:\Users\heuder.sena\Downloads\31_07_2026_8d7f9835\comprovante_premio_0_4_1a75e384.pdf
2026-10-07 10:09:12,528 [INFO] Já possui hash, ignorado: C:\Users\heuder.sena\Downloads\31_07_2026_8d7f9835\comprovante_premio_0_5_25019ce6.pdf
2026-10-07 10:09:12,528 [INFO] Já possui hash, ignorado: C:\Users\heuder.sena\Downloads\31_07_2026_8d7f9835\comprovante_premio_0_6a534a2d.pdf
2026-10-07 10:09:12,528 [INFO] Já possui hash, ignorado: C:\Users\heuder.sena\Downloads\31_07_2026_8d7f9835\comprovante_premio_0_6df26b6f.pdf
2026-10-07 10:09:12,529 [INFO] Já possui hash, ignorado: C:\Users\heuder.sena\Downloads\31_07_2026_8d7f9835\comprovante_premio_0_6_4cd66deb.pdf
2026-10-07 10:09:12,529 [INFO] Já possui hash, ignorado: C:\Users\heuder.sena\Downloads\31_07_2026_8d7f9835\comprovante_premio_0_71cd2fbd.pdf
2026-10-07 10:09:12,529 [INFO] Já possui hash, ignorado: C:\Users\heuder.sena\Downloads\31_07_2026_8d7f9835\comprovante_premio_0_7_31d84016.pdf
2026-10-07 10:09:12,530 [INFO] Já possui hash, ignorado: C:\Users\heuder.sena\Downloads\31_07_2026_8d7f9835\coopcerto_cartilha_pat_2026_1_3_12e0a690.pdf
2026-10-07 10:09:12,530 [INFO] Já possui hash, ignorado: C:\Users\heuder.sena\Downloads\31_07_2026_8d7f9835\coopcerto_cartilha_pat_2026_1_3_12e0a690_1_a5d3323f.pdf
2026-10-07 10:09:12,530 [INFO] Já possui hash, ignorado: C:\Users\heuder.sena\Downloads\31_07_2026_8d7f9835\coopcerto_virada_de_bandeira_faq_1_725fc4cf.pdf
2026-10-07 10:09:12,535 [INFO] Já possui hash, ignorado: C:\Users\heuder.sena\Downloads\31_07_2026_8d7f9835\delta_windows_x86_64_setup_92e57d15.exe
2026-10-07 10:09:12,536 [INFO] Já possui hash, ignorado: C:\Users\heuder.sena\Downloads\31_07_2026_8d7f9835\detalhe_boleto_f43fc13f.pdf
2026-10-07 10:09:12,536 [INFO] Já possui hash, ignorado: C:\Users\heuder.sena\Downloads\31_07_2026_8d7f9835\devolutiva_gptw_2026_solucoes_de_canais_757f0917.pptx
2026-10-07 10:09:12,540 [INFO] Renomeado arquivo: 'C:\Users\heuder.sena\Downloads\31_07_2026_8d7f9835\dsh-latest-windows-x64.exe' -> 'C:\Users\heuder.sena\Downloads\31_07_2026_8d7f9835\dsh_latest_windows_x64_04798634.exe'
2026-10-07 10:09:12,541 [INFO] Já possui hash, ignorado: C:\Users\heuder.sena\Downloads\31_07_2026_8d7f9835\eloir_louveira_1_256cf8d6.mp4
2026-10-07 10:09:12,544 [INFO] Renomeado arquivo: 'C:\Users\heuder.sena\Downloads\31_07_2026_8d7f9835\extensao_20261006_143858_623b3d852031e981.zip' -> 'C:\Users\heuder.sena\Downloads\31_07_2026_8d7f9835\extensao_20261006_143858_623b3d852031e981_43991904.zip'
2026-10-07 10:09:12,545 [INFO] Já possui hash, ignorado: C:\Users\heuder.sena\Downloads\31_07_2026_8d7f9835\guia_da_cooperativa_credenciamento_sipag_no_sisbr_3_0_09_2026_4255922d.pdf
2026-10-07 10:09:12,545 [INFO] Já possui hash, ignorado: C:\Users\heuder.sena\Downloads\31_07_2026_8d7f9835\painel_limite_0af6317e.xlsx
2026-10-07 10:09:12,547 [INFO] Já possui hash, ignorado: C:\Users\heuder.sena\Downloads\31_07_2026_8d7f9835\pdf_6ab546add271b_9aba4c63.pdf
2026-10-07 10:09:12,554 [INFO] Já possui hash, ignorado: C:\Users\heuder.sena\Downloads\31_07_2026_8d7f9835\premio_produtor_rural_indicados_19167e34.csv
2026-10-07 10:09:12,568 [INFO] Já possui hash, ignorado: C:\Users\heuder.sena\Downloads\31_07_2026_8d7f9835\premio_produtor_rural_indicados_b0632419.csv
2026-10-07 10:09:12,571 [INFO] Já possui hash, ignorado: C:\Users\heuder.sena\Downloads\31_07_2026_8d7f9835\premio_produtor_rural_indicados_ccs_300_300_0csv_32106a16
2026-10-07 10:09:12,573 [INFO] Já possui hash, ignorado: C:\Users\heuder.sena\Downloads\31_07_2026_8d7f9835\premio_produtor_rural_indicados_ccs_300_300_0_1_2c6b9c00.csv
2026-10-07 10:09:12,577 [INFO] Já possui hash, ignorado: C:\Users\heuder.sena\Downloads\31_07_2026_8d7f9835\premio_produtor_rural_indicados_ccs_300_300_0_3b8dca5d_caae_4794_8ec9_3c3a9e8c025f_378c2faa.csv
2026-10-07 10:09:12,586 [INFO] Já possui hash, ignorado: C:\Users\heuder.sena\Downloads\31_07_2026_8d7f9835\premio_produtor_rural_indicados_ccs_300_300_0_csv_39f40153
2026-10-07 10:09:12,590 [INFO] Já possui hash, ignorado: C:\Users\heuder.sena\Downloads\31_07_2026_8d7f9835\premio_produtor_rural_indicados_ccs_300_300_0_efe27f5c.csv
2026-10-07 10:09:12,594 [INFO] Já possui hash, ignorado: C:\Users\heuder.sena\Downloads\31_07_2026_8d7f9835\referencias_20260928_131904_b1526b68434f47e4_75b830ef.md
2026-10-07 10:09:12,604 [INFO] Já possui hash, ignorado: C:\Users\heuder.sena\Downloads\31_07_2026_8d7f9835\sexto_premio_produtor_rural_adm_2026_1_e4522478.xlsx
2026-10-07 10:09:12,609 [INFO] Já possui hash, ignorado: C:\Users\heuder.sena\Downloads\31_07_2026_8d7f9835\sexto_premio_produtor_rural_adm_2026_8a413ead.xlsx
2026-10-07 10:09:12,620 [INFO] Já possui hash, ignorado: C:\Users\heuder.sena\Downloads\31_07_2026_8d7f9835\sexto_premio_produtor_rural_adm_2026_b53bc5c0.xlsx
2026-10-07 10:09:12,625 [INFO] Já possui hash, ignorado: C:\Users\heuder.sena\Downloads\31_07_2026_8d7f9835\sexto_premio_rural_4710cd87_0725_420f_9adf_5b8e0223b2b2_adbae90b.pdf
2026-10-07 10:09:12,629 [INFO] Já possui hash, ignorado: C:\Users\heuder.sena\Downloads\31_07_2026_8d7f9835\v3_saopedro_35a7a174.mp4
2026-10-07 10:09:12,634 [INFO] Já possui hash, ignorado: C:\Users\heuder.sena\Downloads\31_07_2026_8d7f9835\view_20260929_230358_22d9a5fc0753a134_d4935eba.pdf
2026-10-07 10:09:12,635 [INFO] Já possui hash, ignorado: C:\Users\heuder.sena\Downloads\31_07_2026_8d7f9835\vt_campo_mouraao_aj1_3_90273fb5.mp4
2026-10-07 10:09:12,640 [INFO] Renomeado arquivo: 'C:\Users\heuder.sena\Downloads\extensao\content.js' -> 'C:\Users\heuder.sena\Downloads\extensao\content_cd8a0290.js'
2026-10-07 10:09:12,644 [INFO] Renomeado arquivo: 'C:\Users\heuder.sena\Downloads\extensao\manifest.json' -> 'C:\Users\heuder.sena\Downloads\extensao\manifest_49c1e871.json'
2026-10-07 10:09:12,647 [INFO] Renomeado arquivo: 'C:\Users\heuder.sena\Downloads\extensao\styles.css' -> 'C:\Users\heuder.sena\Downloads\extensao\styles_c5cb19b0.css'
2026-10-07 10:09:12,649 [INFO] Já possui hash, ignorado: C:\Users\heuder.sena\Downloads\desktop_eebc434c.ini
2026-10-07 10:09:12,656 [INFO] Renomeado arquivo: 'C:\Users\heuder.sena\Downloads\Ebook Produtos de Investimentos - Atendimento Consultivo.pdf' -> 'C:\Users\heuder.sena\Downloads\ebook_produtos_de_investimentos_atendimento_consultivo_ac766a4b.pdf'
2026-10-07 10:09:12,665 [ERROR] Sem permissão para renomear arquivo: C:\Users\heuder.sena\Downloads\Investimentos - Cenario Economico (Publico Interno).pdf
2026-10-07 10:09:12,671 [INFO] Já possui hash, ignorado: C:\Users\heuder.sena\Downloads\layane_regras_de_negocio_1_6be78b76.docx
2026-10-07 10:09:12,675 [ERROR] Sem permissão para renomear arquivo: C:\Users\heuder.sena\Downloads\Material de Reuniao de Investimentos (Publico Externo).pdf
2026-10-07 10:09:12,675 [ERROR] Sem permissão para renomear arquivo: C:\Users\heuder.sena\Downloads\Material Educacional de Investimentos (Publico Externo).pdf
2026-10-07 10:09:12,677 [INFO] Já possui hash, ignorado: C:\Users\heuder.sena\Downloads\regras_de_negocio_6o_pprs_1_a2845ea3.docx
2026-10-07 10:09:12,678 [INFO] Já possui hash, ignorado: C:\Users\heuder.sena\Downloads\31_07_2026_8d7f9835
2026-10-07 10:09:12,680 [INFO] Renomeado pasta: 'C:\Users\heuder.sena\Downloads\extensao' -> 'C:\Users\heuder.sena\Downloads\extensao_ea2eae24'
2026-10-07 10:09:12,681 [INFO] Concluído. Arquivos processados: 62 | Pastas processadas: 2
2026-10-07 10:09:12,682 [INFO] Tempo total de execução: 0.20s
2026-10-07 10:18:13,622 [INFO] Iniciando varredura recursiva em: C:\Users\heuder.sena\Downloads
2026-10-07 10:18:13,623 [INFO] Já possui hash, ignorado: C:\Users\heuder.sena\Downloads\31_07_2026_8d7f9835\avalliadores_central_c44be7cb.xlsx
2026-10-07 10:18:13,623 [INFO] Já possui hash, ignorado: C:\Users\heuder.sena\Downloads\31_07_2026_8d7f9835\beneficios_1_485da62a.jpg
2026-10-07 10:18:13,623 [INFO] Já possui hash, ignorado: C:\Users\heuder.sena\Downloads\31_07_2026_8d7f9835\boleto0837039_14030010000267180_8f6289b9.pdf
2026-10-07 10:18:13,623 [INFO] Já possui hash, ignorado: C:\Users\heuder.sena\Downloads\31_07_2026_8d7f9835\boleto_29_09_2026_fdfeb29a.pdf
2026-10-07 10:18:13,624 [INFO] Já possui hash, ignorado: C:\Users\heuder.sena\Downloads\31_07_2026_8d7f9835\cartao1_1_c34c41c7.png
2026-10-07 10:18:13,624 [INFO] Já possui hash, ignorado: C:\Users\heuder.sena\Downloads\31_07_2026_8d7f9835\cartao2_1_bdc01094.png
2026-10-07 10:18:13,624 [INFO] Já possui hash, ignorado: C:\Users\heuder.sena\Downloads\31_07_2026_8d7f9835\cartilha_coopcerto_visa_2026_2_241a700e.pdf
2026-10-07 10:18:13,624 [INFO] Já possui hash, ignorado: C:\Users\heuder.sena\Downloads\31_07_2026_8d7f9835\cartilha_coopcerto_visa_2026_2_241a700e_1_b7321d7f.pdf
2026-10-07 10:18:13,624 [INFO] Já possui hash, ignorado: C:\Users\heuder.sena\Downloads\31_07_2026_8d7f9835\car_atual_3_c4f1dca5.pdf
2026-10-07 10:18:13,625 [INFO] Já possui hash, ignorado: C:\Users\heuder.sena\Downloads\31_07_2026_8d7f9835\cdigo_nome_significado_c268e3f7.csv
2026-10-07 10:18:13,625 [INFO] Já possui hash, ignorado: C:\Users\heuder.sena\Downloads\31_07_2026_8d7f9835\comprovante_premio_0_02de449a.pdf
2026-10-07 10:18:13,625 [INFO] Já possui hash, ignorado: C:\Users\heuder.sena\Downloads\31_07_2026_8d7f9835\comprovante_premio_0_1c44f420.pdf
2026-10-07 10:18:13,625 [INFO] Já possui hash, ignorado: C:\Users\heuder.sena\Downloads\31_07_2026_8d7f9835\comprovante_premio_0_1_82eb7dae.pdf
2026-10-07 10:18:13,625 [INFO] Já possui hash, ignorado: C:\Users\heuder.sena\Downloads\31_07_2026_8d7f9835\comprovante_premio_0_1_adbb52a6.pdf
2026-10-07 10:18:13,626 [INFO] Já possui hash, ignorado: C:\Users\heuder.sena\Downloads\31_07_2026_8d7f9835\comprovante_premio_0_2_bbcf6ac9.pdf
2026-10-07 10:18:13,626 [INFO] Já possui hash, ignorado: C:\Users\heuder.sena\Downloads\31_07_2026_8d7f9835\comprovante_premio_0_3ba77ec2.pdf
2026-10-07 10:18:13,626 [INFO] Já possui hash, ignorado: C:\Users\heuder.sena\Downloads\31_07_2026_8d7f9835\comprovante_premio_0_3_07c39f22.pdf
2026-10-07 10:18:13,626 [INFO] Já possui hash, ignorado: C:\Users\heuder.sena\Downloads\31_07_2026_8d7f9835\comprovante_premio_0_4f1e3e7b.pdf
2026-10-07 10:18:13,626 [INFO] Já possui hash, ignorado: C:\Users\heuder.sena\Downloads\31_07_2026_8d7f9835\comprovante_premio_0_4_1a75e384.pdf
2026-10-07 10:18:13,626 [INFO] Já possui hash, ignorado: C:\Users\heuder.sena\Downloads\31_07_2026_8d7f9835\comprovante_premio_0_5_25019ce6.pdf
2026-10-07 10:18:13,627 [INFO] Já possui hash, ignorado: C:\Users\heuder.sena\Downloads\31_07_2026_8d7f9835\comprovante_premio_0_6a534a2d.pdf
2026-10-07 10:18:13,627 [INFO] Já possui hash, ignorado: C:\Users\heuder.sena\Downloads\31_07_2026_8d7f9835\comprovante_premio_0_6df26b6f.pdf
2026-10-07 10:18:13,627 [INFO] Já possui hash, ignorado: C:\Users\heuder.sena\Downloads\31_07_2026_8d7f9835\comprovante_premio_0_6_4cd66deb.pdf
2026-10-07 10:18:13,627 [INFO] Já possui hash, ignorado: C:\Users\heuder.sena\Downloads\31_07_2026_8d7f9835\comprovante_premio_0_71cd2fbd.pdf
2026-10-07 10:18:13,627 [INFO] Já possui hash, ignorado: C:\Users\heuder.sena\Downloads\31_07_2026_8d7f9835\comprovante_premio_0_7_31d84016.pdf
2026-10-07 10:18:13,627 [INFO] Já possui hash, ignorado: C:\Users\heuder.sena\Downloads\31_07_2026_8d7f9835\coopcerto_cartilha_pat_2026_1_3_12e0a690.pdf
2026-10-07 10:18:13,627 [INFO] Já possui hash, ignorado: C:\Users\heuder.sena\Downloads\31_07_2026_8d7f9835\coopcerto_cartilha_pat_2026_1_3_12e0a690_1_a5d3323f.pdf
2026-10-07 10:18:13,627 [INFO] Já possui hash, ignorado: C:\Users\heuder.sena\Downloads\31_07_2026_8d7f9835\coopcerto_virada_de_bandeira_faq_1_725fc4cf.pdf
2026-10-07 10:18:13,627 [INFO] Já possui hash, ignorado: C:\Users\heuder.sena\Downloads\31_07_2026_8d7f9835\delta_windows_x86_64_setup_92e57d15.exe
2026-10-07 10:18:13,628 [INFO] Já possui hash, ignorado: C:\Users\heuder.sena\Downloads\31_07_2026_8d7f9835\detalhe_boleto_f43fc13f.pdf
2026-10-07 10:18:13,628 [INFO] Já possui hash, ignorado: C:\Users\heuder.sena\Downloads\31_07_2026_8d7f9835\devolutiva_gptw_2026_solucoes_de_canais_757f0917.pptx
2026-10-07 10:18:13,628 [INFO] Já possui hash, ignorado: C:\Users\heuder.sena\Downloads\31_07_2026_8d7f9835\dsh_latest_windows_x64_04798634.exe
2026-10-07 10:18:13,628 [INFO] Já possui hash, ignorado: C:\Users\heuder.sena\Downloads\31_07_2026_8d7f9835\eloir_louveira_1_256cf8d6.mp4
2026-10-07 10:18:13,628 [INFO] Já possui hash, ignorado: C:\Users\heuder.sena\Downloads\31_07_2026_8d7f9835\extensao_20261006_143858_623b3d852031e981_43991904.zip
2026-10-07 10:18:13,628 [INFO] Já possui hash, ignorado: C:\Users\heuder.sena\Downloads\31_07_2026_8d7f9835\guia_da_cooperativa_credenciamento_sipag_no_sisbr_3_0_09_2026_4255922d.pdf
2026-10-07 10:18:13,628 [INFO] Já possui hash, ignorado: C:\Users\heuder.sena\Downloads\31_07_2026_8d7f9835\painel_limite_0af6317e.xlsx
2026-10-07 10:18:13,628 [INFO] Já possui hash, ignorado: C:\Users\heuder.sena\Downloads\31_07_2026_8d7f9835\pdf_6ab546add271b_9aba4c63.pdf
2026-10-07 10:18:13,629 [INFO] Já possui hash, ignorado: C:\Users\heuder.sena\Downloads\31_07_2026_8d7f9835\premio_produtor_rural_indicados_19167e34.csv
2026-10-07 10:18:13,629 [INFO] Já possui hash, ignorado: C:\Users\heuder.sena\Downloads\31_07_2026_8d7f9835\premio_produtor_rural_indicados_b0632419.csv
2026-10-07 10:18:13,629 [INFO] Já possui hash, ignorado: C:\Users\heuder.sena\Downloads\31_07_2026_8d7f9835\premio_produtor_rural_indicados_ccs_300_300_0csv_32106a16
2026-10-07 10:18:13,629 [INFO] Já possui hash, ignorado: C:\Users\heuder.sena\Downloads\31_07_2026_8d7f9835\premio_produtor_rural_indicados_ccs_300_300_0_1_2c6b9c00.csv
2026-10-07 10:18:13,629 [INFO] Já possui hash, ignorado: C:\Users\heuder.sena\Downloads\31_07_2026_8d7f9835\premio_produtor_rural_indicados_ccs_300_300_0_3b8dca5d_caae_4794_8ec9_3c3a9e8c025f_378c2faa.csv
2026-10-07 10:18:13,629 [INFO] Já possui hash, ignorado: C:\Users\heuder.sena\Downloads\31_07_2026_8d7f9835\premio_produtor_rural_indicados_ccs_300_300_0_csv_39f40153
2026-10-07 10:18:13,629 [INFO] Já possui hash, ignorado: C:\Users\heuder.sena\Downloads\31_07_2026_8d7f9835\premio_produtor_rural_indicados_ccs_300_300_0_efe27f5c.csv
2026-10-07 10:18:13,630 [INFO] Já possui hash, ignorado: C:\Users\heuder.sena\Downloads\31_07_2026_8d7f9835\referencias_20260928_131904_b1526b68434f47e4_75b830ef.md
2026-10-07 10:18:13,630 [INFO] Já possui hash, ignorado: C:\Users\heuder.sena\Downloads\31_07_2026_8d7f9835\sexto_premio_produtor_rural_adm_2026_1_e4522478.xlsx
2026-10-07 10:18:13,630 [INFO] Já possui hash, ignorado: C:\Users\heuder.sena\Downloads\31_07_2026_8d7f9835\sexto_premio_produtor_rural_adm_2026_8a413ead.xlsx
2026-10-07 10:18:13,630 [INFO] Já possui hash, ignorado: C:\Users\heuder.sena\Downloads\31_07_2026_8d7f9835\sexto_premio_produtor_rural_adm_2026_b53bc5c0.xlsx
2026-10-07 10:18:13,630 [INFO] Já possui hash, ignorado: C:\Users\heuder.sena\Downloads\31_07_2026_8d7f9835\sexto_premio_rural_4710cd87_0725_420f_9adf_5b8e0223b2b2_adbae90b.pdf
2026-10-07 10:18:13,630 [INFO] Já possui hash, ignorado: C:\Users\heuder.sena\Downloads\31_07_2026_8d7f9835\v3_saopedro_35a7a174.mp4
2026-10-07 10:18:13,630 [INFO] Já possui hash, ignorado: C:\Users\heuder.sena\Downloads\31_07_2026_8d7f9835\view_20260929_230358_22d9a5fc0753a134_d4935eba.pdf
2026-10-07 10:18:13,630 [INFO] Já possui hash, ignorado: C:\Users\heuder.sena\Downloads\31_07_2026_8d7f9835\vt_campo_mouraao_aj1_3_90273fb5.mp4
2026-10-07 10:18:13,631 [INFO] Já possui hash, ignorado: C:\Users\heuder.sena\Downloads\extensao_ea2eae24\content_cd8a0290.js
2026-10-07 10:18:13,631 [INFO] Já possui hash, ignorado: C:\Users\heuder.sena\Downloads\extensao_ea2eae24\manifest_49c1e871.json
2026-10-07 10:18:13,632 [INFO] Já possui hash, ignorado: C:\Users\heuder.sena\Downloads\extensao_ea2eae24\styles_c5cb19b0.css
2026-10-07 10:18:13,632 [INFO] Já possui hash, ignorado: C:\Users\heuder.sena\Downloads\desktop_eebc434c.ini
2026-10-07 10:18:13,632 [INFO] Já possui hash, ignorado: C:\Users\heuder.sena\Downloads\layane_regras_de_negocio_1_6be78b76.docx
2026-10-07 10:18:13,632 [INFO] Já possui hash, ignorado: C:\Users\heuder.sena\Downloads\regras_de_negocio_6o_pprs_1_a2845ea3.docx
2026-10-07 10:18:13,632 [INFO] Já possui hash, ignorado: C:\Users\heuder.sena\Downloads\31_07_2026_8d7f9835
2026-10-07 10:18:13,632 [INFO] Já possui hash, ignorado: C:\Users\heuder.sena\Downloads\extensao_ea2eae24
2026-10-07 10:18:13,632 [INFO] Concluído. Arquivos processados: 58 | Pastas processadas: 2
2026-10-07 10:18:13,632 [INFO] Tempo total de execução: 0.01s
2026-10-07 10:18:34,344 [INFO] Iniciando varredura recursiva em: C:\Users\heuder.sena\Downloads
2026-10-07 10:18:34,346 [INFO] Já possui hash, ignorado: C:\Users\heuder.sena\Downloads\31_07_2026_8d7f9835\avalliadores_central_c44be7cb.xlsx
2026-10-07 10:18:34,347 [INFO] Já possui hash, ignorado: C:\Users\heuder.sena\Downloads\31_07_2026_8d7f9835\beneficios_1_485da62a.jpg
2026-10-07 10:18:34,347 [INFO] Já possui hash, ignorado: C:\Users\heuder.sena\Downloads\31_07_2026_8d7f9835\boleto0837039_14030010000267180_8f6289b9.pdf
2026-10-07 10:18:34,348 [INFO] Já possui hash, ignorado: C:\Users\heuder.sena\Downloads\31_07_2026_8d7f9835\boleto_29_09_2026_fdfeb29a.pdf
2026-10-07 10:18:34,348 [INFO] Já possui hash, ignorado: C:\Users\heuder.sena\Downloads\31_07_2026_8d7f9835\cartao1_1_c34c41c7.png
2026-10-07 10:18:34,348 [INFO] Já possui hash, ignorado: C:\Users\heuder.sena\Downloads\31_07_2026_8d7f9835\cartao2_1_bdc01094.png
2026-10-07 10:18:34,348 [INFO] Já possui hash, ignorado: C:\Users\heuder.sena\Downloads\31_07_2026_8d7f9835\cartilha_coopcerto_visa_2026_2_241a700e.pdf
2026-10-07 10:18:34,348 [INFO] Já possui hash, ignorado: C:\Users\heuder.sena\Downloads\31_07_2026_8d7f9835\cartilha_coopcerto_visa_2026_2_241a700e_1_b7321d7f.pdf
2026-10-07 10:18:34,349 [INFO] Já possui hash, ignorado: C:\Users\heuder.sena\Downloads\31_07_2026_8d7f9835\car_atual_3_c4f1dca5.pdf
2026-10-07 10:18:34,349 [INFO] Já possui hash, ignorado: C:\Users\heuder.sena\Downloads\31_07_2026_8d7f9835\cdigo_nome_significado_c268e3f7.csv
2026-10-07 10:18:34,349 [INFO] Já possui hash, ignorado: C:\Users\heuder.sena\Downloads\31_07_2026_8d7f9835\comprovante_premio_0_02de449a.pdf
2026-10-07 10:18:34,349 [INFO] Já possui hash, ignorado: C:\Users\heuder.sena\Downloads\31_07_2026_8d7f9835\comprovante_premio_0_1c44f420.pdf
2026-10-07 10:18:34,349 [INFO] Já possui hash, ignorado: C:\Users\heuder.sena\Downloads\31_07_2026_8d7f9835\comprovante_premio_0_1_82eb7dae.pdf
2026-10-07 10:18:34,349 [INFO] Já possui hash, ignorado: C:\Users\heuder.sena\Downloads\31_07_2026_8d7f9835\comprovante_premio_0_1_adbb52a6.pdf
2026-10-07 10:18:34,350 [INFO] Já possui hash, ignorado: C:\Users\heuder.sena\Downloads\31_07_2026_8d7f9835\comprovante_premio_0_2_bbcf6ac9.pdf
2026-10-07 10:18:34,350 [INFO] Já possui hash, ignorado: C:\Users\heuder.sena\Downloads\31_07_2026_8d7f9835\comprovante_premio_0_3ba77ec2.pdf
2026-10-07 10:18:34,350 [INFO] Já possui hash, ignorado: C:\Users\heuder.sena\Downloads\31_07_2026_8d7f9835\comprovante_premio_0_3_07c39f22.pdf
2026-10-07 10:18:34,350 [INFO] Já possui hash, ignorado: C:\Users\heuder.sena\Downloads\31_07_2026_8d7f9835\comprovante_premio_0_4f1e3e7b.pdf
2026-10-07 10:18:34,350 [INFO] Já possui hash, ignorado: C:\Users\heuder.sena\Downloads\31_07_2026_8d7f9835\comprovante_premio_0_4_1a75e384.pdf
2026-10-07 10:18:34,351 [INFO] Já possui hash, ignorado: C:\Users\heuder.sena\Downloads\31_07_2026_8d7f9835\comprovante_premio_0_5_25019ce6.pdf
2026-10-07 10:18:34,351 [INFO] Já possui hash, ignorado: C:\Users\heuder.sena\Downloads\31_07_2026_8d7f9835\comprovante_premio_0_6a534a2d.pdf
2026-10-07 10:18:34,351 [INFO] Já possui hash, ignorado: C:\Users\heuder.sena\Downloads\31_07_2026_8d7f9835\comprovante_premio_0_6df26b6f.pdf
2026-10-07 10:18:34,351 [INFO] Já possui hash, ignorado: C:\Users\heuder.sena\Downloads\31_07_2026_8d7f9835\comprovante_premio_0_6_4cd66deb.pdf
2026-10-07 10:18:34,351 [INFO] Já possui hash, ignorado: C:\Users\heuder.sena\Downloads\31_07_2026_8d7f9835\comprovante_premio_0_71cd2fbd.pdf
2026-10-07 10:18:34,351 [INFO] Já possui hash, ignorado: C:\Users\heuder.sena\Downloads\31_07_2026_8d7f9835\comprovante_premio_0_7_31d84016.pdf
2026-10-07 10:18:34,352 [INFO] Já possui hash, ignorado: C:\Users\heuder.sena\Downloads\31_07_2026_8d7f9835\coopcerto_cartilha_pat_2026_1_3_12e0a690.pdf
2026-10-07 10:18:34,352 [INFO] Já possui hash, ignorado: C:\Users\heuder.sena\Downloads\31_07_2026_8d7f9835\coopcerto_cartilha_pat_2026_1_3_12e0a690_1_a5d3323f.pdf
2026-10-07 10:18:34,352 [INFO] Já possui hash, ignorado: C:\Users\heuder.sena\Downloads\31_07_2026_8d7f9835\coopcerto_virada_de_bandeira_faq_1_725fc4cf.pdf
2026-10-07 10:18:34,352 [INFO] Já possui hash, ignorado: C:\Users\heuder.sena\Downloads\31_07_2026_8d7f9835\delta_windows_x86_64_setup_92e57d15.exe
2026-10-07 10:18:34,352 [INFO] Já possui hash, ignorado: C:\Users\heuder.sena\Downloads\31_07_2026_8d7f9835\detalhe_boleto_f43fc13f.pdf
2026-10-07 10:18:34,353 [INFO] Já possui hash, ignorado: C:\Users\heuder.sena\Downloads\31_07_2026_8d7f9835\devolutiva_gptw_2026_solucoes_de_canais_757f0917.pptx
2026-10-07 10:18:34,353 [INFO] Já possui hash, ignorado: C:\Users\heuder.sena\Downloads\31_07_2026_8d7f9835\dsh_latest_windows_x64_04798634.exe
2026-10-07 10:18:34,353 [INFO] Já possui hash, ignorado: C:\Users\heuder.sena\Downloads\31_07_2026_8d7f9835\eloir_louveira_1_256cf8d6.mp4
2026-10-07 10:18:34,353 [INFO] Já possui hash, ignorado: C:\Users\heuder.sena\Downloads\31_07_2026_8d7f9835\extensao_20261006_143858_623b3d852031e981_43991904.zip
2026-10-07 10:18:34,353 [INFO] Já possui hash, ignorado: C:\Users\heuder.sena\Downloads\31_07_2026_8d7f9835\guia_da_cooperativa_credenciamento_sipag_no_sisbr_3_0_09_2026_4255922d.pdf
2026-10-07 10:18:34,353 [INFO] Já possui hash, ignorado: C:\Users\heuder.sena\Downloads\31_07_2026_8d7f9835\painel_limite_0af6317e.xlsx
2026-10-07 10:18:34,353 [INFO] Já possui hash, ignorado: C:\Users\heuder.sena\Downloads\31_07_2026_8d7f9835\pdf_6ab546add271b_9aba4c63.pdf
2026-10-07 10:18:34,353 [INFO] Já possui hash, ignorado: C:\Users\heuder.sena\Downloads\31_07_2026_8d7f9835\premio_produtor_rural_indicados_19167e34.csv
2026-10-07 10:18:34,354 [INFO] Já possui hash, ignorado: C:\Users\heuder.sena\Downloads\31_07_2026_8d7f9835\premio_produtor_rural_indicados_b0632419.csv
2026-10-07 10:18:34,354 [INFO] Já possui hash, ignorado: C:\Users\heuder.sena\Downloads\31_07_2026_8d7f9835\premio_produtor_rural_indicados_ccs_300_300_0csv_32106a16
2026-10-07 10:18:34,354 [INFO] Já possui hash, ignorado: C:\Users\heuder.sena\Downloads\31_07_2026_8d7f9835\premio_produtor_rural_indicados_ccs_300_300_0_1_2c6b9c00.csv
2026-10-07 10:18:34,354 [INFO] Já possui hash, ignorado: C:\Users\heuder.sena\Downloads\31_07_2026_8d7f9835\premio_produtor_rural_indicados_ccs_300_300_0_3b8dca5d_caae_4794_8ec9_3c3a9e8c025f_378c2faa.csv
2026-10-07 10:18:34,354 [INFO] Já possui hash, ignorado: C:\Users\heuder.sena\Downloads\31_07_2026_8d7f9835\premio_produtor_rural_indicados_ccs_300_300_0_csv_39f40153
2026-10-07 10:18:34,355 [INFO] Já possui hash, ignorado: C:\Users\heuder.sena\Downloads\31_07_2026_8d7f9835\premio_produtor_rural_indicados_ccs_300_300_0_efe27f5c.csv
2026-10-07 10:18:34,355 [INFO] Já possui hash, ignorado: C:\Users\heuder.sena\Downloads\31_07_2026_8d7f9835\referencias_20260928_131904_b1526b68434f47e4_75b830ef.md
2026-10-07 10:18:34,355 [INFO] Já possui hash, ignorado: C:\Users\heuder.sena\Downloads\31_07_2026_8d7f9835\sexto_premio_produtor_rural_adm_2026_1_e4522478.xlsx
2026-10-07 10:18:34,355 [INFO] Já possui hash, ignorado: C:\Users\heuder.sena\Downloads\31_07_2026_8d7f9835\sexto_premio_produtor_rural_adm_2026_8a413ead.xlsx
2026-10-07 10:18:34,356 [INFO] Já possui hash, ignorado: C:\Users\heuder.sena\Downloads\31_07_2026_8d7f9835\sexto_premio_produtor_rural_adm_2026_b53bc5c0.xlsx
2026-10-07 10:18:34,356 [INFO] Já possui hash, ignorado: C:\Users\heuder.sena\Downloads\31_07_2026_8d7f9835\sexto_premio_rural_4710cd87_0725_420f_9adf_5b8e0223b2b2_adbae90b.pdf
2026-10-07 10:18:34,356 [INFO] Já possui hash, ignorado: C:\Users\heuder.sena\Downloads\31_07_2026_8d7f9835\v3_saopedro_35a7a174.mp4
2026-10-07 10:18:34,356 [INFO] Já possui hash, ignorado: C:\Users\heuder.sena\Downloads\31_07_2026_8d7f9835\view_20260929_230358_22d9a5fc0753a134_d4935eba.pdf
2026-10-07 10:18:34,357 [INFO] Já possui hash, ignorado: C:\Users\heuder.sena\Downloads\31_07_2026_8d7f9835\vt_campo_mouraao_aj1_3_90273fb5.mp4
2026-10-07 10:18:34,358 [INFO] Já possui hash, ignorado: C:\Users\heuder.sena\Downloads\extensao_ea2eae24\content_cd8a0290.js
2026-10-07 10:18:34,359 [INFO] Já possui hash, ignorado: C:\Users\heuder.sena\Downloads\extensao_ea2eae24\manifest_49c1e871.json
2026-10-07 10:18:34,359 [INFO] Já possui hash, ignorado: C:\Users\heuder.sena\Downloads\extensao_ea2eae24\styles_c5cb19b0.css
2026-10-07 10:18:34,359 [INFO] Já possui hash, ignorado: C:\Users\heuder.sena\Downloads\desktop_eebc434c.ini
2026-10-07 10:18:34,359 [INFO] Já possui hash, ignorado: C:\Users\heuder.sena\Downloads\ebook_produtos_de_investimentos_atendimento_consultivo_ac766a4b.pdf
2026-10-07 10:18:34,361 [INFO] Renomeado arquivo: 'C:\Users\heuder.sena\Downloads\Investimentos - Cenario Economico (Publico Interno).pdf' -> 'C:\Users\heuder.sena\Downloads\investimentos_cenario_economico_publico_interno_eca001e9.pdf'
2026-10-07 10:18:34,361 [INFO] Já possui hash, ignorado: C:\Users\heuder.sena\Downloads\layane_regras_de_negocio_1_6be78b76.docx
2026-10-07 10:18:34,364 [INFO] Renomeado arquivo: 'C:\Users\heuder.sena\Downloads\Material de Reuniao de Investimentos (Publico Externo).pdf' -> 'C:\Users\heuder.sena\Downloads\material_de_reuniao_de_investimentos_publico_externo_b2338fc4.pdf'
2026-10-07 10:18:34,367 [INFO] Renomeado arquivo: 'C:\Users\heuder.sena\Downloads\Material Educacional de Investimentos (Publico Externo).pdf' -> 'C:\Users\heuder.sena\Downloads\material_educacional_de_investimentos_publico_externo_a94f40ff.pdf'
2026-10-07 10:18:34,367 [INFO] Já possui hash, ignorado: C:\Users\heuder.sena\Downloads\regras_de_negocio_6o_pprs_1_a2845ea3.docx
2026-10-07 10:18:34,367 [INFO] Já possui hash, ignorado: C:\Users\heuder.sena\Downloads\31_07_2026_8d7f9835
2026-10-07 10:18:34,367 [INFO] Já possui hash, ignorado: C:\Users\heuder.sena\Downloads\extensao_ea2eae24
2026-10-07 10:18:34,367 [INFO] Concluído. Arquivos processados: 62 | Pastas processadas: 2
2026-10-07 10:18:34,368 [INFO] Tempo total de execução: 0.02s
2026-10-07 14:46:48,883 [INFO] Iniciando varredura recursiva em: C:\Users\heuder.sena\Downloads
2026-10-07 14:46:48,885 [INFO] Já possui hash, ignorado: C:\Users\heuder.sena\Downloads\31_07_2026_8d7f9835\avalliadores_central_c44be7cb.xlsx
2026-10-07 14:46:48,886 [INFO] Já possui hash, ignorado: C:\Users\heuder.sena\Downloads\31_07_2026_8d7f9835\beneficios_1_485da62a.jpg
2026-10-07 14:46:48,886 [INFO] Já possui hash, ignorado: C:\Users\heuder.sena\Downloads\31_07_2026_8d7f9835\boleto0837039_14030010000267180_8f6289b9.pdf
2026-10-07 14:46:48,886 [INFO] Já possui hash, ignorado: C:\Users\heuder.sena\Downloads\31_07_2026_8d7f9835\boleto_29_09_2026_fdfeb29a.pdf
2026-10-07 14:46:48,886 [INFO] Já possui hash, ignorado: C:\Users\heuder.sena\Downloads\31_07_2026_8d7f9835\cartao1_1_c34c41c7.png
2026-10-07 14:46:48,887 [INFO] Já possui hash, ignorado: C:\Users\heuder.sena\Downloads\31_07_2026_8d7f9835\cartao2_1_bdc01094.png
2026-10-07 14:46:48,887 [INFO] Já possui hash, ignorado: C:\Users\heuder.sena\Downloads\31_07_2026_8d7f9835\cartilha_coopcerto_visa_2026_2_241a700e.pdf
2026-10-07 14:46:48,887 [INFO] Já possui hash, ignorado: C:\Users\heuder.sena\Downloads\31_07_2026_8d7f9835\cartilha_coopcerto_visa_2026_2_241a700e_1_b7321d7f.pdf
2026-10-07 14:46:48,887 [INFO] Já possui hash, ignorado: C:\Users\heuder.sena\Downloads\31_07_2026_8d7f9835\car_atual_3_c4f1dca5.pdf
2026-10-07 14:46:48,887 [INFO] Já possui hash, ignorado: C:\Users\heuder.sena\Downloads\31_07_2026_8d7f9835\cdigo_nome_significado_c268e3f7.csv
2026-10-07 14:46:48,887 [INFO] Já possui hash, ignorado: C:\Users\heuder.sena\Downloads\31_07_2026_8d7f9835\comprovante_premio_0_02de449a.pdf
2026-10-07 14:46:48,887 [INFO] Já possui hash, ignorado: C:\Users\heuder.sena\Downloads\31_07_2026_8d7f9835\comprovante_premio_0_1c44f420.pdf
2026-10-07 14:46:48,888 [INFO] Já possui hash, ignorado: C:\Users\heuder.sena\Downloads\31_07_2026_8d7f9835\comprovante_premio_0_1_82eb7dae.pdf
2026-10-07 14:46:48,888 [INFO] Já possui hash, ignorado: C:\Users\heuder.sena\Downloads\31_07_2026_8d7f9835\comprovante_premio_0_1_adbb52a6.pdf
2026-10-07 14:46:48,888 [INFO] Já possui hash, ignorado: C:\Users\heuder.sena\Downloads\31_07_2026_8d7f9835\comprovante_premio_0_2_bbcf6ac9.pdf
2026-10-07 14:46:48,888 [INFO] Já possui hash, ignorado: C:\Users\heuder.sena\Downloads\31_07_2026_8d7f9835\comprovante_premio_0_3ba77ec2.pdf
2026-10-07 14:46:48,888 [INFO] Já possui hash, ignorado: C:\Users\heuder.sena\Downloads\31_07_2026_8d7f9835\comprovante_premio_0_3_07c39f22.pdf
2026-10-07 14:46:48,888 [INFO] Já possui hash, ignorado: C:\Users\heuder.sena\Downloads\31_07_2026_8d7f9835\comprovante_premio_0_4f1e3e7b.pdf
2026-10-07 14:46:48,889 [INFO] Já possui hash, ignorado: C:\Users\heuder.sena\Downloads\31_07_2026_8d7f9835\comprovante_premio_0_4_1a75e384.pdf
2026-10-07 14:46:48,889 [INFO] Já possui hash, ignorado: C:\Users\heuder.sena\Downloads\31_07_2026_8d7f9835\comprovante_premio_0_5_25019ce6.pdf
2026-10-07 14:46:48,889 [INFO] Já possui hash, ignorado: C:\Users\heuder.sena\Downloads\31_07_2026_8d7f9835\comprovante_premio_0_6a534a2d.pdf
2026-10-07 14:46:48,889 [INFO] Já possui hash, ignorado: C:\Users\heuder.sena\Downloads\31_07_2026_8d7f9835\comprovante_premio_0_6df26b6f.pdf
2026-10-07 14:46:48,889 [INFO] Já possui hash, ignorado: C:\Users\heuder.sena\Downloads\31_07_2026_8d7f9835\comprovante_premio_0_6_4cd66deb.pdf
2026-10-07 14:46:48,889 [INFO] Já possui hash, ignorado: C:\Users\heuder.sena\Downloads\31_07_2026_8d7f9835\comprovante_premio_0_71cd2fbd.pdf
2026-10-07 14:46:48,889 [INFO] Já possui hash, ignorado: C:\Users\heuder.sena\Downloads\31_07_2026_8d7f9835\comprovante_premio_0_7_31d84016.pdf
2026-10-07 14:46:48,890 [INFO] Já possui hash, ignorado: C:\Users\heuder.sena\Downloads\31_07_2026_8d7f9835\coopcerto_cartilha_pat_2026_1_3_12e0a690.pdf
2026-10-07 14:46:48,890 [INFO] Já possui hash, ignorado: C:\Users\heuder.sena\Downloads\31_07_2026_8d7f9835\coopcerto_cartilha_pat_2026_1_3_12e0a690_1_a5d3323f.pdf
2026-10-07 14:46:48,890 [INFO] Já possui hash, ignorado: C:\Users\heuder.sena\Downloads\31_07_2026_8d7f9835\coopcerto_virada_de_bandeira_faq_1_725fc4cf.pdf
2026-10-07 14:46:48,890 [INFO] Já possui hash, ignorado: C:\Users\heuder.sena\Downloads\31_07_2026_8d7f9835\delta_windows_x86_64_setup_92e57d15.exe
2026-10-07 14:46:48,890 [INFO] Já possui hash, ignorado: C:\Users\heuder.sena\Downloads\31_07_2026_8d7f9835\detalhe_boleto_f43fc13f.pdf
2026-10-07 14:46:48,890 [INFO] Já possui hash, ignorado: C:\Users\heuder.sena\Downloads\31_07_2026_8d7f9835\devolutiva_gptw_2026_solucoes_de_canais_757f0917.pptx
2026-10-07 14:46:48,890 [INFO] Já possui hash, ignorado: C:\Users\heuder.sena\Downloads\31_07_2026_8d7f9835\dsh_latest_windows_x64_04798634.exe
2026-10-07 14:46:48,890 [INFO] Já possui hash, ignorado: C:\Users\heuder.sena\Downloads\31_07_2026_8d7f9835\eloir_louveira_1_256cf8d6.mp4
2026-10-07 14:46:48,890 [INFO] Já possui hash, ignorado: C:\Users\heuder.sena\Downloads\31_07_2026_8d7f9835\extensao_20261006_143858_623b3d852031e981_43991904.zip
2026-10-07 14:46:48,891 [INFO] Já possui hash, ignorado: C:\Users\heuder.sena\Downloads\31_07_2026_8d7f9835\guia_da_cooperativa_credenciamento_sipag_no_sisbr_3_0_09_2026_4255922d.pdf
2026-10-07 14:46:48,891 [INFO] Já possui hash, ignorado: C:\Users\heuder.sena\Downloads\31_07_2026_8d7f9835\painel_limite_0af6317e.xlsx
2026-10-07 14:46:48,891 [INFO] Já possui hash, ignorado: C:\Users\heuder.sena\Downloads\31_07_2026_8d7f9835\pdf_6ab546add271b_9aba4c63.pdf
2026-10-07 14:46:48,891 [INFO] Já possui hash, ignorado: C:\Users\heuder.sena\Downloads\31_07_2026_8d7f9835\premio_produtor_rural_indicados_19167e34.csv
2026-10-07 14:46:48,891 [INFO] Já possui hash, ignorado: C:\Users\heuder.sena\Downloads\31_07_2026_8d7f9835\premio_produtor_rural_indicados_b0632419.csv
2026-10-07 14:46:48,891 [INFO] Já possui hash, ignorado: C:\Users\heuder.sena\Downloads\31_07_2026_8d7f9835\premio_produtor_rural_indicados_ccs_300_300_0csv_32106a16
2026-10-07 14:46:48,891 [INFO] Já possui hash, ignorado: C:\Users\heuder.sena\Downloads\31_07_2026_8d7f9835\premio_produtor_rural_indicados_ccs_300_300_0_1_2c6b9c00.csv
2026-10-07 14:46:48,891 [INFO] Já possui hash, ignorado: C:\Users\heuder.sena\Downloads\31_07_2026_8d7f9835\premio_produtor_rural_indicados_ccs_300_300_0_3b8dca5d_caae_4794_8ec9_3c3a9e8c025f_378c2faa.csv
2026-10-07 14:46:48,892 [INFO] Já possui hash, ignorado: C:\Users\heuder.sena\Downloads\31_07_2026_8d7f9835\premio_produtor_rural_indicados_ccs_300_300_0_csv_39f40153
2026-10-07 14:46:48,892 [INFO] Já possui hash, ignorado: C:\Users\heuder.sena\Downloads\31_07_2026_8d7f9835\premio_produtor_rural_indicados_ccs_300_300_0_efe27f5c.csv
2026-10-07 14:46:48,892 [INFO] Já possui hash, ignorado: C:\Users\heuder.sena\Downloads\31_07_2026_8d7f9835\referencias_20260928_131904_b1526b68434f47e4_75b830ef.md
2026-10-07 14:46:48,892 [INFO] Já possui hash, ignorado: C:\Users\heuder.sena\Downloads\31_07_2026_8d7f9835\sexto_premio_produtor_rural_adm_2026_1_e4522478.xlsx
2026-10-07 14:46:48,892 [INFO] Já possui hash, ignorado: C:\Users\heuder.sena\Downloads\31_07_2026_8d7f9835\sexto_premio_produtor_rural_adm_2026_8a413ead.xlsx
2026-10-07 14:46:48,892 [INFO] Já possui hash, ignorado: C:\Users\heuder.sena\Downloads\31_07_2026_8d7f9835\sexto_premio_produtor_rural_adm_2026_b53bc5c0.xlsx
2026-10-07 14:46:48,892 [INFO] Já possui hash, ignorado: C:\Users\heuder.sena\Downloads\31_07_2026_8d7f9835\sexto_premio_rural_4710cd87_0725_420f_9adf_5b8e0223b2b2_adbae90b.pdf
2026-10-07 14:46:48,892 [INFO] Já possui hash, ignorado: C:\Users\heuder.sena\Downloads\31_07_2026_8d7f9835\v3_saopedro_35a7a174.mp4
2026-10-07 14:46:48,893 [INFO] Já possui hash, ignorado: C:\Users\heuder.sena\Downloads\31_07_2026_8d7f9835\view_20260929_230358_22d9a5fc0753a134_d4935eba.pdf
2026-10-07 14:46:48,893 [INFO] Já possui hash, ignorado: C:\Users\heuder.sena\Downloads\31_07_2026_8d7f9835\vt_campo_mouraao_aj1_3_90273fb5.mp4
2026-10-07 14:46:48,894 [INFO] Já possui hash, ignorado: C:\Users\heuder.sena\Downloads\extensao_ea2eae24\content_cd8a0290.js
2026-10-07 14:46:48,894 [INFO] Já possui hash, ignorado: C:\Users\heuder.sena\Downloads\extensao_ea2eae24\manifest_49c1e871.json
2026-10-07 14:46:48,894 [INFO] Já possui hash, ignorado: C:\Users\heuder.sena\Downloads\extensao_ea2eae24\styles_c5cb19b0.css
2026-10-07 14:46:48,894 [INFO] Já possui hash, ignorado: C:\Users\heuder.sena\Downloads\desktop_eebc434c.ini
2026-10-07 14:46:48,894 [INFO] Já possui hash, ignorado: C:\Users\heuder.sena\Downloads\ebook_produtos_de_investimentos_atendimento_consultivo_ac766a4b.pdf
2026-10-07 14:46:48,896 [INFO] Renomeado arquivo: 'C:\Users\heuder.sena\Downloads\investimentos_cenario_economico_publico_interno_eca001e9 (1).pdf' -> 'C:\Users\heuder.sena\Downloads\investimentos_cenario_economico_publico_interno_eca001e9_1_8d37d5f5.pdf'
2026-10-07 14:46:48,896 [INFO] Já possui hash, ignorado: C:\Users\heuder.sena\Downloads\investimentos_cenario_economico_publico_interno_eca001e9.pdf
2026-10-07 14:46:48,898 [INFO] Renomeado arquivo: 'C:\Users\heuder.sena\Downloads\lancamento-sicoob-seguradora-ao-vivo.jpg' -> 'C:\Users\heuder.sena\Downloads\lancamento_sicoob_seguradora_ao_vivo_0d37bb7d.jpg'
2026-10-07 14:46:48,898 [INFO] Já possui hash, ignorado: C:\Users\heuder.sena\Downloads\layane_regras_de_negocio_1_6be78b76.docx
2026-10-07 14:46:48,901 [INFO] Renomeado arquivo: 'C:\Users\heuder.sena\Downloads\Live Nacional - Seguro de Vida Private 1.pptx' -> 'C:\Users\heuder.sena\Downloads\live_nacional_seguro_de_vida_private_1_d7a7f3db.pptx'
2026-10-07 14:46:48,902 [INFO] Renomeado arquivo: 'C:\Users\heuder.sena\Downloads\live_nacional_do_seguros_de_vida____segmentação_private (1080p).mp4' -> 'C:\Users\heuder.sena\Downloads\live_nacional_do_seguros_de_vida_segmentacao_private_1080p_7ea5b8c2.mp4'
2026-10-07 14:46:48,903 [INFO] Já possui hash, ignorado: C:\Users\heuder.sena\Downloads\material_de_reuniao_de_investimentos_publico_externo_b2338fc4.pdf
2026-10-07 14:46:48,903 [INFO] Já possui hash, ignorado: C:\Users\heuder.sena\Downloads\material_educacional_de_investimentos_publico_externo_a94f40ff.pdf
2026-10-07 14:46:48,903 [INFO] Já possui hash, ignorado: C:\Users\heuder.sena\Downloads\regras_de_negocio_6o_pprs_1_a2845ea3.docx
2026-10-07 14:46:48,904 [INFO] Já possui hash, ignorado: C:\Users\heuder.sena\Downloads\31_07_2026_8d7f9835
2026-10-07 14:46:48,904 [INFO] Já possui hash, ignorado: C:\Users\heuder.sena\Downloads\extensao_ea2eae24
2026-10-07 14:46:48,904 [INFO] Concluído. Arquivos processados: 66 | Pastas processadas: 2
2026-10-07 14:46:48,904 [INFO] Tempo total de execução: 0.02s
